// Jest Snapshot v1, https://goo.gl/fbAQLP

exports[`Search component renders Search 1`] = `
<DocumentFragment>
  <form>
    <label
      for="text"
    >
      News Search
    </label>
    <input
      id="text"
      name="text"
      type="text"
      value="Words and Stuff"
    />
    <button>
      Search For Articles
    </button>
  </form>
</DocumentFragment>
`;
